// Jest Snapshot v1, https://goo.gl/fbAQLP

exports[`renders the recipes screen 1`] = `
<View
  style={
    {
      "alignItems": "center",
      "flex": 1,
      "justifyContent": "center",
    }
  }
>
  <View
    style={
      {
        "backgroundColor": "#F0EEEE",
        "borderRadius": 15,
        "flexDirection": "row",
        "height": 50,
        "marginBottom": 10,
        "marginTop": 15,
        "paddingHorizontal": 10,
        "shadowColor": "#000",
        "shadowOffset": {
          "height": 2,
          "width": 0,
        },
        "shadowOpacity": 0.3,
        "width": "90%",
      }
    }
  >
    <TextInput
      placeholder="Search..."
      style={
        {
          "flex": 1,
          "fontSize": 18,
        }
      }
      testID="searchBar"
    />
    <View
      accessibilityState={
        {
          "busy": undefined,
          "checked": undefined,
          "disabled": undefined,
          "expanded": undefined,
          "selected": undefined,
        }
      }
      accessibilityValue={
        {
          "max": undefined,
          "min": undefined,
          "now": undefined,
          "text": undefined,
        }
      }
      accessible={true}
      collapsable={false}
      focusable={false}
      onClick={[Function]}
      onResponderGrant={[Function]}
      onResponderMove={[Function]}
      onResponderRelease={[Function]}
      onResponderTerminate={[Function]}
      onResponderTerminationRequest={[Function]}
      onStartShouldSetResponder={[Function]}
      style={
        {
          "justifyContent": "center",
          "opacity": 1,
        }
      }
      testID="searchButton"
    >
      <
        color="gray"
        icon={
          {
            "icon": [
              512,
              512,
              [
                128269,
                "search",
              ],
              "f002",
              "M416 208c0 45.9-14.9 88.3-40 122.7L502.6 457.4c12.5 12.5 12.5 32.8 0 45.3s-32.8 12.5-45.3 0L330.7 376c-34.4 25.2-76.8 40-122.7 40C93.1 416 0 322.9 0 208S93.1 0 208 0S416 93.1 416 208zM208 352a144 144 0 1 0 0-288 144 144 0 1 0 0 288z",
            ],
            "iconName": "magnifying-glass",
            "prefix": "fas",
          }
        }
        size={24}
      />
    </View>
  </View>
  <RCTScrollView>
    <View>
      <RCTScrollView
        horizontal={true}
        showsHorizontalScrollIndicator={false}
      >
        <View>
          <View
            accessibilityState={
              {
                "busy": undefined,
                "checked": undefined,
                "disabled": undefined,
                "expanded": undefined,
                "selected": undefined,
              }
            }
            accessibilityValue={
              {
                "max": undefined,
                "min": undefined,
                "now": undefined,
                "text": undefined,
              }
            }
            accessible={true}
            collapsable={false}
            focusable={true}
            onClick={[Function]}
            onResponderGrant={[Function]}
            onResponderMove={[Function]}
            onResponderRelease={[Function]}
            onResponderTerminate={[Function]}
            onResponderTerminationRequest={[Function]}
            onStartShouldSetResponder={[Function]}
            style={
              {
                "alignItems": "center",
                "backgroundColor": "#fff",
                "borderRadius": 50,
                "elevation": 5,
                "height": 80,
                "justifyContent": "center",
                "margin": 10,
                "opacity": 1,
                "position": "relative",
                "shadowColor": "#000",
                "shadowOffset": {
                  "height": 2,
                  "width": 0,
                },
                "shadowOpacity": 0.25,
                "shadowRadius": 3.84,
                "width": 80,
              }
            }
          >
            <Image
              source={1}
              style={
                {
                  "height": 50,
                  "resizeMode": "cover",
                  "width": 50,
                }
              }
            />
            <Text
              style={
                {
                  "bottom": 5,
                  "fontSize": 14,
                  "position": "absolute",
                }
              }
            >
              Italian
            </Text>
          </View>
          <View
            accessibilityState={
              {
                "busy": undefined,
                "checked": undefined,
                "disabled": undefined,
                "expanded": undefined,
                "selected": undefined,
              }
            }
            accessibilityValue={
              {
                "max": undefined,
                "min": undefined,
                "now": undefined,
                "text": undefined,
              }
            }
            accessible={true}
            collapsable={false}
            focusable={true}
            onClick={[Function]}
            onResponderGrant={[Function]}
            onResponderMove={[Function]}
            onResponderRelease={[Function]}
            onResponderTerminate={[Function]}
            onResponderTerminationRequest={[Function]}
            onStartShouldSetResponder={[Function]}
            style={
              {
                "alignItems": "center",
                "backgroundColor": "#fff",
                "borderRadius": 50,
                "elevation": 5,
                "height": 80,
                "justifyContent": "center",
                "margin": 10,
                "opacity": 1,
                "position": "relative",
                "shadowColor": "#000",
                "shadowOffset": {
                  "height": 2,
                  "width": 0,
                },
                "shadowOpacity": 0.25,
                "shadowRadius": 3.84,
                "width": 80,
              }
            }
          >
            <Image
              source={1}
              style={
                {
                  "height": 50,
                  "resizeMode": "cover",
                  "width": 50,
                }
              }
            />
            <Text
              style={
                {
                  "bottom": 5,
                  "fontSize": 14,
                  "position": "absolute",
                }
              }
            >
              Chinese
            </Text>
          </View>
          <View
            accessibilityState={
              {
                "busy": undefined,
                "checked": undefined,
                "disabled": undefined,
                "expanded": undefined,
                "selected": undefined,
              }
            }
            accessibilityValue={
              {
                "max": undefined,
                "min": undefined,
                "now": undefined,
                "text": undefined,
              }
            }
            accessible={true}
            collapsable={false}
            focusable={true}
            onClick={[Function]}
            onResponderGrant={[Function]}
            onResponderMove={[Function]}
            onResponderRelease={[Function]}
            onResponderTerminate={[Function]}
            onResponderTerminationRequest={[Function]}
            onStartShouldSetResponder={[Function]}
            style={
              {
                "alignItems": "center",
                "backgroundColor": "#fff",
                "borderRadius": 50,
                "elevation": 5,
                "height": 80,
                "justifyContent": "center",
                "margin": 10,
                "opacity": 1,
                "position": "relative",
                "shadowColor": "#000",
                "shadowOffset": {
                  "height": 2,
                  "width": 0,
                },
                "shadowOpacity": 0.25,
                "shadowRadius": 3.84,
                "width": 80,
              }
            }
          >
            <Image
              source={1}
              style={
                {
                  "height": 50,
                  "resizeMode": "cover",
                  "width": 50,
                }
              }
            />
            <Text
              style={
                {
                  "bottom": 5,
                  "fontSize": 14,
                  "position": "absolute",
                }
              }
            >
              Sushi
            </Text>
          </View>
          <View
            accessibilityState={
              {
                "busy": undefined,
                "checked": undefined,
                "disabled": undefined,
                "expanded": undefined,
                "selected": undefined,
              }
            }
            accessibilityValue={
              {
                "max": undefined,
                "min": undefined,
                "now": undefined,
                "text": undefined,
              }
            }
            accessible={true}
            collapsable={false}
            focusable={true}
            onClick={[Function]}
            onResponderGrant={[Function]}
            onResponderMove={[Function]}
            onResponderRelease={[Function]}
            onResponderTerminate={[Function]}
            onResponderTerminationRequest={[Function]}
            onStartShouldSetResponder={[Function]}
            style={
              {
                "alignItems": "center",
                "backgroundColor": "#fff",
                "borderRadius": 50,
                "elevation": 5,
                "height": 80,
                "justifyContent": "center",
                "margin": 10,
                "opacity": 1,
                "position": "relative",
                "shadowColor": "#000",
                "shadowOffset": {
                  "height": 2,
                  "width": 0,
                },
                "shadowOpacity": 0.25,
                "shadowRadius": 3.84,
                "width": 80,
              }
            }
          >
            <Image
              source={1}
              style={
                {
                  "height": 50,
                  "resizeMode": "cover",
                  "width": 50,
                }
              }
            />
            <Text
              style={
                {
                  "bottom": 5,
                  "fontSize": 14,
                  "position": "absolute",
                }
              }
            >
              American
            </Text>
          </View>
          <View
            accessibilityState={
              {
                "busy": undefined,
                "checked": undefined,
                "disabled": undefined,
                "expanded": undefined,
                "selected": undefined,
              }
            }
            accessibilityValue={
              {
                "max": undefined,
                "min": undefined,
                "now": undefined,
                "text": undefined,
              }
            }
            accessible={true}
            collapsable={false}
            focusable={true}
            onClick={[Function]}
            onResponderGrant={[Function]}
            onResponderMove={[Function]}
            onResponderRelease={[Function]}
            onResponderTerminate={[Function]}
            onResponderTerminationRequest={[Function]}
            onStartShouldSetResponder={[Function]}
            style={
              {
                "alignItems": "center",
                "backgroundColor": "#fff",
                "borderRadius": 50,
                "elevation": 5,
                "height": 80,
                "justifyContent": "center",
                "margin": 10,
                "opacity": 1,
                "position": "relative",
                "shadowColor": "#000",
                "shadowOffset": {
                  "height": 2,
                  "width": 0,
                },
                "shadowOpacity": 0.25,
                "shadowRadius": 3.84,
                "width": 80,
              }
            }
          >
            <Image
              source={1}
              style={
                {
                  "height": 50,
                  "resizeMode": "cover",
                  "width": 50,
                }
              }
            />
            <Text
              style={
                {
                  "bottom": 5,
                  "fontSize": 14,
                  "position": "absolute",
                }
              }
            >
              Chicken
            </Text>
          </View>
          <View
            accessibilityState={
              {
                "busy": undefined,
                "checked": undefined,
                "disabled": undefined,
                "expanded": undefined,
                "selected": undefined,
              }
            }
            accessibilityValue={
              {
                "max": undefined,
                "min": undefined,
                "now": undefined,
                "text": undefined,
              }
            }
            accessible={true}
            collapsable={false}
            focusable={true}
            onClick={[Function]}
            onResponderGrant={[Function]}
            onResponderMove={[Function]}
            onResponderRelease={[Function]}
            onResponderTerminate={[Function]}
            onResponderTerminationRequest={[Function]}
            onStartShouldSetResponder={[Function]}
            style={
              {
                "alignItems": "center",
                "backgroundColor": "#fff",
                "borderRadius": 50,
                "elevation": 5,
                "height": 80,
                "justifyContent": "center",
                "margin": 10,
                "opacity": 1,
                "position": "relative",
                "shadowColor": "#000",
                "shadowOffset": {
                  "height": 2,
                  "width": 0,
                },
                "shadowOpacity": 0.25,
                "shadowRadius": 3.84,
                "width": 80,
              }
            }
          >
            <Image
              source={1}
              style={
                {
                  "height": 50,
                  "resizeMode": "cover",
                  "width": 50,
                }
              }
            />
            <Text
              style={
                {
                  "bottom": 5,
                  "fontSize": 14,
                  "position": "absolute",
                }
              }
            >
              Burger
            </Text>
          </View>
          <View
            accessibilityState={
              {
                "busy": undefined,
                "checked": undefined,
                "disabled": undefined,
                "expanded": undefined,
                "selected": undefined,
              }
            }
            accessibilityValue={
              {
                "max": undefined,
                "min": undefined,
                "now": undefined,
                "text": undefined,
              }
            }
            accessible={true}
            collapsable={false}
            focusable={true}
            onClick={[Function]}
            onResponderGrant={[Function]}
            onResponderMove={[Function]}
            onResponderRelease={[Function]}
            onResponderTerminate={[Function]}
            onResponderTerminationRequest={[Function]}
            onStartShouldSetResponder={[Function]}
            style={
              {
                "alignItems": "center",
                "backgroundColor": "#fff",
                "borderRadius": 50,
                "elevation": 5,
                "height": 80,
                "justifyContent": "center",
                "margin": 10,
                "opacity": 1,
                "position": "relative",
                "shadowColor": "#000",
                "shadowOffset": {
                  "height": 2,
                  "width": 0,
                },
                "shadowOpacity": 0.25,
                "shadowRadius": 3.84,
                "width": 80,
              }
            }
          >
            <Image
              source={1}
              style={
                {
                  "height": 50,
                  "resizeMode": "cover",
                  "width": 50,
                }
              }
            />
            <Text
              style={
                {
                  "bottom": 5,
                  "fontSize": 14,
                  "position": "absolute",
                }
              }
            >
              Desserts
            </Text>
          </View>
          <View
            accessibilityState={
              {
                "busy": undefined,
                "checked": undefined,
                "disabled": undefined,
                "expanded": undefined,
                "selected": undefined,
              }
            }
            accessibilityValue={
              {
                "max": undefined,
                "min": undefined,
                "now": undefined,
                "text": undefined,
              }
            }
            accessible={true}
            collapsable={false}
            focusable={true}
            onClick={[Function]}
            onResponderGrant={[Function]}
            onResponderMove={[Function]}
            onResponderRelease={[Function]}
            onResponderTerminate={[Function]}
            onResponderTerminationRequest={[Function]}
            onStartShouldSetResponder={[Function]}
            style={
              {
                "alignItems": "center",
                "backgroundColor": "#fff",
                "borderRadius": 50,
                "elevation": 5,
                "height": 80,
                "justifyContent": "center",
                "margin": 10,
                "opacity": 1,
                "position": "relative",
                "shadowColor": "#000",
                "shadowOffset": {
                  "height": 2,
                  "width": 0,
                },
                "shadowOpacity": 0.25,
                "shadowRadius": 3.84,
                "width": 80,
              }
            }
          >
            <Image
              source={1}
              style={
                {
                  "height": 50,
                  "resizeMode": "cover",
                  "width": 50,
                }
              }
            />
            <Text
              style={
                {
                  "bottom": 5,
                  "fontSize": 14,
                  "position": "absolute",
                }
              }
            >
              Asian
            </Text>
          </View>
        </View>
      </RCTScrollView>
      <View
        style={
          {
            "alignSelf": "center",
            "borderBottomColor": "#ccc",
            "borderBottomWidth": 1,
            "marginVertical": 20,
            "width": "90%",
          }
        }
      />
      <View
        accessibilityState={
          {
            "busy": undefined,
            "checked": undefined,
            "disabled": undefined,
            "expanded": undefined,
            "selected": undefined,
          }
        }
        accessibilityValue={
          {
            "max": undefined,
            "min": undefined,
            "now": undefined,
            "text": undefined,
          }
        }
        accessible={true}
        collapsable={false}
        focusable={false}
        onClick={[Function]}
        onResponderGrant={[Function]}
        onResponderMove={[Function]}
        onResponderRelease={[Function]}
        onResponderTerminate={[Function]}
        onResponderTerminationRequest={[Function]}
        onStartShouldSetResponder={[Function]}
        style={
          {
            "alignSelf": "center",
            "backgroundColor": "#fff",
            "borderRadius": 15,
            "elevation": 5,
            "height": 220,
            "marginBottom": 20,
            "opacity": 1,
            "shadowColor": "#000",
            "shadowOffset": {
              "height": 2,
              "width": 0,
            },
            "shadowOpacity": 0.25,
            "shadowRadius": 3.84,
            "width": "90%",
          }
        }
        testID="recipe-card"
      >
        <Image
          source={1}
          style={
            {
              "borderTopLeftRadius": 15,
              "borderTopRightRadius": 15,
              "height": 150,
              "width": "100%",
            }
          }
        />
        <View
          style={
            {
              "padding": 10,
            }
          }
        >
          <Text
            style={
              {
                "fontSize": 18,
                "fontWeight": "bold",
                "marginBottom": 10,
              }
            }
          >
            Chicken Parmesan
          </Text>
          <View
            style={
              {
                "flexDirection": "row",
                "justifyContent": "space-between",
              }
            }
          >
            <Text
              style={
                {
                  "color": "gray",
                  "fontSize": 14,
                }
              }
            >
              Time: 
              30
               min
            </Text>
            <Text
              style={
                {
                  "color": "gray",
                  "fontSize": 14,
                }
              }
            >
              Servings: 
              4
            </Text>
          </View>
        </View>
      </View>
      <View
        accessibilityState={
          {
            "busy": undefined,
            "checked": undefined,
            "disabled": undefined,
            "expanded": undefined,
            "selected": undefined,
          }
        }
        accessibilityValue={
          {
            "max": undefined,
            "min": undefined,
            "now": undefined,
            "text": undefined,
          }
        }
        accessible={true}
        collapsable={false}
        focusable={false}
        onClick={[Function]}
        onResponderGrant={[Function]}
        onResponderMove={[Function]}
        onResponderRelease={[Function]}
        onResponderTerminate={[Function]}
        onResponderTerminationRequest={[Function]}
        onStartShouldSetResponder={[Function]}
        style={
          {
            "alignSelf": "center",
            "backgroundColor": "#fff",
            "borderRadius": 15,
            "elevation": 5,
            "height": 220,
            "marginBottom": 20,
            "opacity": 1,
            "shadowColor": "#000",
            "shadowOffset": {
              "height": 2,
              "width": 0,
            },
            "shadowOpacity": 0.25,
            "shadowRadius": 3.84,
            "width": "90%",
          }
        }
        testID="recipe-card"
      >
        <Image
          source={1}
          style={
            {
              "borderTopLeftRadius": 15,
              "borderTopRightRadius": 15,
              "height": 150,
              "width": "100%",
            }
          }
        />
        <View
          style={
            {
              "padding": 10,
            }
          }
        >
          <Text
            style={
              {
                "fontSize": 18,
                "fontWeight": "bold",
                "marginBottom": 10,
              }
            }
          >
            Chicken Parmesan
          </Text>
          <View
            style={
              {
                "flexDirection": "row",
                "justifyContent": "space-between",
              }
            }
          >
            <Text
              style={
                {
                  "color": "gray",
                  "fontSize": 14,
                }
              }
            >
              Time: 
              30
               min
            </Text>
            <Text
              style={
                {
                  "color": "gray",
                  "fontSize": 14,
                }
              }
            >
              Servings: 
              4
            </Text>
          </View>
        </View>
      </View>
      <View
        accessibilityState={
          {
            "busy": undefined,
            "checked": undefined,
            "disabled": undefined,
            "expanded": undefined,
            "selected": undefined,
          }
        }
        accessibilityValue={
          {
            "max": undefined,
            "min": undefined,
            "now": undefined,
            "text": undefined,
          }
        }
        accessible={true}
        collapsable={false}
        focusable={false}
        onClick={[Function]}
        onResponderGrant={[Function]}
        onResponderMove={[Function]}
        onResponderRelease={[Function]}
        onResponderTerminate={[Function]}
        onResponderTerminationRequest={[Function]}
        onStartShouldSetResponder={[Function]}
        style={
          {
            "alignSelf": "center",
            "backgroundColor": "#fff",
            "borderRadius": 15,
            "elevation": 5,
            "height": 220,
            "marginBottom": 20,
            "opacity": 1,
            "shadowColor": "#000",
            "shadowOffset": {
              "height": 2,
              "width": 0,
            },
            "shadowOpacity": 0.25,
            "shadowRadius": 3.84,
            "width": "90%",
          }
        }
        testID="recipe-card"
      >
        <Image
          source={1}
          style={
            {
              "borderTopLeftRadius": 15,
              "borderTopRightRadius": 15,
              "height": 150,
              "width": "100%",
            }
          }
        />
        <View
          style={
            {
              "padding": 10,
            }
          }
        >
          <Text
            style={
              {
                "fontSize": 18,
                "fontWeight": "bold",
                "marginBottom": 10,
              }
            }
          >
            Chicken Parmesan
          </Text>
          <View
            style={
              {
                "flexDirection": "row",
                "justifyContent": "space-between",
              }
            }
          >
            <Text
              style={
                {
                  "color": "gray",
                  "fontSize": 14,
                }
              }
            >
              Time: 
              30
               min
            </Text>
            <Text
              style={
                {
                  "color": "gray",
                  "fontSize": 14,
                }
              }
            >
              Servings: 
              4
            </Text>
          </View>
        </View>
      </View>
    </View>
  </RCTScrollView>
</View>
`;
